// Jest Snapshot v1, https://goo.gl/fbAQLP

exports[`Components / Loader Poems Unit shall pass unit sanity test 1`] = `"<div class=\\"loader-poems\\"></div>"`;
