// Jest Snapshot v1, https://goo.gl/fbAQLP

exports[`Blocks / Adjacent Post Links Story shall render 1`] = `
"<div class=\\"adjacent-post-links-story\\">
  <componentsadjacentpostlinkprevious-stub label=\\"Poprzednie\\" path=\\"/opowiadania/test-story\\" title=\\"Test story\\" class=\\"adjacent-post-links-story__previous\\"></componentsadjacentpostlinkprevious-stub>
  <componentsadjacentpostlinknext-stub label=\\"NastÄ™pne\\" path=\\"/opowiadania/test-story\\" title=\\"Test story\\" class=\\"adjacent-post-links-story__next\\"></componentsadjacentpostlinknext-stub>
</div>"
`;
