// Jest Snapshot v1, https://goo.gl/fbAQLP

exports[`Components / Button Link Unit shall pass unit sanity test 1`] = `"<nuxtlink-stub class=\\"button-link\\">Item label</nuxtlink-stub>"`;
