// Jest Snapshot v1, https://goo.gl/fbAQLP

exports[`Components / Button Text Unit shall pass unit sanity test 1`] = `"<button type=\\"button\\" class=\\"button-text\\">Item label</button>"`;
