// Jest Snapshot v1, https://goo.gl/fbAQLP

exports[`Wrappers / Main Unit shall pass unit sanity test 1`] = `"<main class="main">Slot default text</main>"`;
