// Jest Snapshot v1, https://goo.gl/fbAQLP

exports[`Components / Adjacent Post Link Next Unit shall pass unit sanity test 1`] = `"<nuxtlink-stub to=\\"/post/test-path/\\" class=\\"adjacent-post-link-next\\"><span class=\\"adjacent-post-link-next__title\\">Post testowy</span> <span class=\\"adjacent-post-link-next__label\\">NastÄ™pny</span></nuxtlink-stub>"`;
