// Jest Snapshot v1, https://goo.gl/fbAQLP

exports[`Utils / Factory / Head / Schema / Person shall match snapshot 1`] = `
{
  "@id": "https://169cm.pl/#person/radoslaw-kalamon",
  "@type": "Person",
  "name": "Rados≈Çaw Kalamon",
  "sameAs": [
    "https://radoslawkalamon.pl",
    "https://instagram.com/radoslawkalamon/",
    "https://twitter.com/radoslawkalamon",
  ],
}
`;
